19:16:49 **** Incremental Build of configuration Debug for project 5_RR_scheduler ****
make -j8 all 
arm-none-eabi-gcc "../Src/main.c" -mcpu=cortex-m4 -std=gnu11 -g3 -DSTM32F411xE -c -I../Inc -I"E:/TUK_Summer2023/Sep 08_2023/Real Time OS on STM32 and TIVA C/MyOwnRTOS/STM32CubeIDE/5_RR_scheduler/chip_headers/CMSIS/Include" -I"E:/TUK_Summer2023/Sep 08_2023/Real Time OS on STM32 and TIVA C/MyOwnRTOS/STM32CubeIDE/5_RR_scheduler/chip_headers/CMSIS/Device/ST/STM32F4xx/Include" -O0 -ffunction-sections -fdata-sections -Wall -fstack-usage -fcyclomatic-complexity -MMD -MP -MF"Src/main.d" -MT"Src/main.o" --specs=nano.specs -mfpu=fpv4-sp-d16 -mfloat-abi=hard -mthumb -o "Src/main.o"
arm-none-eabi-gcc -o "5_RR_scheduler.elf" @"objects.list"   -mcpu=cortex-m4 -T"E:\TUK_Summer2023\Sep 08_2023\Real Time OS on STM32 and TIVA C\MyOwnRTOS\STM32CubeIDE\5_RR_scheduler\STM32F411RETX_FLASH.ld" --specs=nosys.specs -Wl,-Map="5_RR_scheduler.map" -Wl,--gc-sections -static --specs=nano.specs -mfpu=fpv4-sp-d16 -mfloat-abi=hard -mthumb -Wl,--start-group -lc -lm -Wl,--end-group
Finished building target: 5_RR_scheduler.elf
 
arm-none-eabi-size  5_RR_scheduler.elf 
arm-none-eabi-objdump -h -S 5_RR_scheduler.elf  > "5_RR_scheduler.list"
   text	   data	    bss	    dec	    hex	filename
   6100	    100	   3148	   9348	   2484	5_RR_scheduler.elf
Finished building: default.size.stdout
 
Finished building: 5_RR_scheduler.list
 

19:16:50 Build Finished. 0 errors, 0 warnings. (took 444ms)

